src/components/ui/calendar.tsx(57,9): error TS2353: Object literal may only specify known properties, and 'Head' does not exist in type 'Partial<CustomComponents>'.
